// Jest Snapshot v1, https://goo.gl/fbAQLP

exports[`renders a NavBar component 1`] = `
<div>
  <nav
    class="flex justify-between py-4"
  >
    <a
      href="/"
    >
      <h1
        class="text-2xl font-bold text-slate-700 dark:text-slate-200"
      >
        minurl ðŸ’Ž
      </h1>
    </a>
    <div
      class="flex"
    >
      <button
        class="mr-2 button secondary"
      >
        Log In
      </button>
      <button
        class="button primary"
      >
        Sign Up
      </button>
    </div>
  </nav>
</div>
`;
